[rsshub-docs.moeyy.cn/index.html]
[backblue.gif]
[fade.gif]
[index.html]
[rsshub-docs.moeyy.cn/img/logo.png]
[rsshub-docs.moeyy.cn/manifest.json]
[rsshub-docs.moeyy.cn/img/apple-touch-icon.png]
[rsshub-docs.moeyy.cn/img/safari-pinned-tab.svg]
[rsshub-docs.moeyy.cn/assets/css/styles.5b0ee109.css]
[rsshub-docs.moeyy.cn/assets/js/runtime_main.57e21779.js]
[rsshub-docs.moeyy.cn/assets/js/main.bfaf94f6.js]
[rsshub-docs.moeyy.cn/routes.html]
[rsshub-docs.moeyy.cn/joinus/quick-start.html]
[rsshub-docs.moeyy.cn/usage.html]
[rsshub-docs.moeyy.cn/faq.html]
[rsshub-docs.moeyy.cn/parameter.html]
[rsshub-docs.moeyy.cn/api.html]
[rsshub-docs.moeyy.cn/zh/index.html]
[rsshub-docs.moeyy.cn/routes/social-media.html]
[rsshub-docs.moeyy.cn/routes/new-media.html]
[rsshub-docs.moeyy.cn/routes/traditional-media.html]
[rsshub-docs.moeyy.cn/routes/bbs.html]
[rsshub-docs.moeyy.cn/routes/blog.html]
[rsshub-docs.moeyy.cn/routes/programming.html]
[rsshub-docs.moeyy.cn/routes/design.html]
[rsshub-docs.moeyy.cn/routes/live.html]
[rsshub-docs.moeyy.cn/routes/multimedia.html]
[rsshub-docs.moeyy.cn/routes/picture.html]
[rsshub-docs.moeyy.cn/routes/anime.html]
[rsshub-docs.moeyy.cn/routes/program-update.html]
[rsshub-docs.moeyy.cn/routes/university.html]
[rsshub-docs.moeyy.cn/routes/forecast.html]
[rsshub-docs.moeyy.cn/routes/travel.html]
[rsshub-docs.moeyy.cn/routes/shopping.html]
[rsshub-docs.moeyy.cn/routes/game.html]
[rsshub-docs.moeyy.cn/routes/reading.html]
[rsshub-docs.moeyy.cn/routes/government.html]
[rsshub-docs.moeyy.cn/routes/study.html]
[rsshub-docs.moeyy.cn/routes/journal.html]
[rsshub-docs.moeyy.cn/routes/finance.html]
[rsshub-docs.moeyy.cn/routes/other.html]
[rsshub-docs.moeyy.cn/install.html]
[rsshub-docs.moeyy.cn/index.html]
[rsshub-docs.moeyy.cn/img/safari-pinned-tab.svg]
[rsshub-docs.moeyy.cn/assets/css/styles.5b0ee109.css]
[rsshub-docs.moeyy.cn/support.html]
[rsshub-docs.moeyy.cn/zh/routes.html]
[rsshub-docs.moeyy.cn/routes.html]
[rsshub-docs.moeyy.cn/zh/joinus/quick-start.html]
[rsshub-docs.moeyy.cn/joinus/new-rss/prerequisites.html]
[rsshub-docs.moeyy.cn/joinus/new-rss/before-start.html]
[rsshub-docs.moeyy.cn/joinus/new-rss/start-code.html]
[rsshub-docs.moeyy.cn/joinus/new-rss/add-docs.html]
[rsshub-docs.moeyy.cn/joinus/new-rss/submit-route.html]
[rsshub-docs.moeyy.cn/joinus/new-radar.html]
[rsshub-docs.moeyy.cn/joinus/advanced/advanced-feed.html]
[rsshub-docs.moeyy.cn/joinus/advanced/script-standard.html]
[rsshub-docs.moeyy.cn/joinus/advanced/use-cache.html]
[rsshub-docs.moeyy.cn/joinus/advanced/pub-date.html]
[rsshub-docs.moeyy.cn/joinus/advanced/debug.html]
[developer.apple.com/news/images/download-on-the-app-store-badge.png]
[rsshub-docs.moeyy.cn/joinus/quick-start.html]
[rsshub-docs.moeyy.cn/zh/img/logo.png]
[rsshub-docs.moeyy.cn/zh/manifest.json]
[rsshub-docs.moeyy.cn/zh/img/apple-touch-icon.png]
[rsshub-docs.moeyy.cn/zh/img/safari-pinned-tab.svg]
[rsshub-docs.moeyy.cn/zh/assets/css/styles.5b0ee109.css]
[rsshub-docs.moeyy.cn/zh/assets/js/runtime_main.8dce131d.js]
[rsshub-docs.moeyy.cn/zh/assets/js/main.344173f5.js]
[rsshub-docs.moeyy.cn/zh/usage.html]
[rsshub-docs.moeyy.cn/zh/faq.html]
[rsshub-docs.moeyy.cn/zh/parameter.html]
[rsshub-docs.moeyy.cn/zh/api.html]
[rsshub-docs.moeyy.cn/zh/routes/social-media.html]
[rsshub-docs.moeyy.cn/zh/routes/new-media.html]
[rsshub-docs.moeyy.cn/zh/routes/traditional-media.html]
[rsshub-docs.moeyy.cn/zh/routes/bbs.html]
[rsshub-docs.moeyy.cn/zh/routes/blog.html]
[rsshub-docs.moeyy.cn/zh/routes/programming.html]
[rsshub-docs.moeyy.cn/zh/routes/design.html]
[rsshub-docs.moeyy.cn/zh/routes/live.html]
[rsshub-docs.moeyy.cn/zh/routes/multimedia.html]
[rsshub-docs.moeyy.cn/zh/routes/picture.html]
[rsshub-docs.moeyy.cn/zh/routes/anime.html]
[rsshub-docs.moeyy.cn/zh/routes/program-update.html]
[rsshub-docs.moeyy.cn/zh/routes/university.html]
[rsshub-docs.moeyy.cn/zh/routes/forecast.html]
[rsshub-docs.moeyy.cn/zh/routes/travel.html]
[rsshub-docs.moeyy.cn/zh/routes/shopping.html]
[rsshub-docs.moeyy.cn/zh/routes/game.html]
[rsshub-docs.moeyy.cn/zh/routes/reading.html]
[rsshub-docs.moeyy.cn/zh/routes/government.html]
[rsshub-docs.moeyy.cn/zh/routes/study.html]
[rsshub-docs.moeyy.cn/zh/routes/journal.html]
[rsshub-docs.moeyy.cn/zh/routes/finance.html]
[rsshub-docs.moeyy.cn/zh/routes/other.html]
[rsshub-docs.moeyy.cn/zh/install.html]
[rsshub-docs.moeyy.cn/zh/index.html]
[rsshub-docs.moeyy.cn/usage.html]
[rsshub-docs.moeyy.cn/faq.html]
[rsshub-docs.moeyy.cn/parameter.html]
[rsshub-docs.moeyy.cn/api.html]
[rsshub-docs.moeyy.cn/zh/support.html]
[rsshub-docs.moeyy.cn/install/index.html]
[rsshub-docs.moeyy.cn/img/readable-twitter.png]
[rsshub-docs.moeyy.cn/img/readable-douban.png]
[rsshub-docs.moeyy.cn/img/readable-weibo.png]
[rsshub-docs.moeyy.cn/routes/social-media.html]
[rsshub-docs.moeyy.cn/routes/new-media.html]
[rsshub-docs.moeyy.cn/routes/traditional-media.html]
[rsshub-docs.moeyy.cn/routes/bbs.html]
[rsshub-docs.moeyy.cn/routes/blog.html]
[rsshub-docs.moeyy.cn/routes/programming.html]
[rsshub-docs.moeyy.cn/routes/design.html]
[rsshub-docs.moeyy.cn/routes/live.html]
[rsshub-docs.moeyy.cn/routes/multimedia.html]
[rsshub-docs.moeyy.cn/routes/picture.html]
[rsshub-docs.moeyy.cn/routes/anime.html]
[rsshub-docs.moeyy.cn/routes/program-update.html]
[rsshub-docs.moeyy.cn/routes/university.html]
[rsshub-docs.moeyy.cn/routes/forecast.html]
[rsshub-docs.moeyy.cn/routes/travel.html]
[rsshub-docs.moeyy.cn/routes/shopping.html]
[rsshub-docs.moeyy.cn/routes/game.html]
[rsshub-docs.moeyy.cn/routes/reading.html]
[rsshub-docs.moeyy.cn/routes/government.html]
[rsshub-docs.moeyy.cn/routes/study.html]
[rsshub-docs.moeyy.cn/routes/journal.html]
[rsshub-docs.moeyy.cn/routes/finance.html]
[rsshub-docs.moeyy.cn/routes/other.html]
[rsshub-docs.moeyy.cn/install.html]
[rsshub-docs.moeyy.cn/zh/support/index.html]
[rsshub-docs.moeyy.cn/zh/install/index.html]
[rsshub-docs.moeyy.cn/support/index.html]
[rsshub-docs.moeyy.cn/support.html]
[rsshub-docs.moeyy.cn/zh/routes.html]
[rsshub-docs.moeyy.cn/zh/joinus/new-rss/prerequisites.html]
[rsshub-docs.moeyy.cn/zh/joinus/new-rss/before-start.html]
[rsshub-docs.moeyy.cn/zh/joinus/new-rss/start-code.html]
[rsshub-docs.moeyy.cn/zh/joinus/new-rss/add-docs.html]
[rsshub-docs.moeyy.cn/zh/joinus/new-rss/submit-route.html]
[rsshub-docs.moeyy.cn/zh/joinus/new-radar.html]
[rsshub-docs.moeyy.cn/zh/joinus/advanced/advanced-feed.html]
[rsshub-docs.moeyy.cn/zh/joinus/advanced/script-standard.html]
[rsshub-docs.moeyy.cn/zh/joinus/advanced/use-cache.html]
[rsshub-docs.moeyy.cn/zh/joinus/advanced/pub-date.html]
[rsshub-docs.moeyy.cn/zh/joinus/quick-start.html]
[rsshub-docs.moeyy.cn/joinus/new-rss/prerequisites.html]
[rsshub-docs.moeyy.cn/joinus/new-rss/before-start.html]
[rsshub-docs.moeyy.cn/joinus/new-rss/start-code.html]
[rsshub-docs.moeyy.cn/joinus/new-rss/add-docs.html]
[rsshub-docs.moeyy.cn/joinus/new-rss/submit-route.html]
[rsshub-docs.moeyy.cn/joinus/new-radar.html]
[rsshub-docs.moeyy.cn/zh/joinus/advanced/debug.html]
[rsshub-docs.moeyy.cn/joinus/advanced/advanced-feed.html]
[rsshub-docs.moeyy.cn/joinus/advanced/script-standard.html]
[github.com/DIYgod/RSSHub/blob/master/lib/middleware/template.html]
[rsshub-docs.moeyy.cn/joinus/advanced/use-cache.html]
[rsshub-docs.moeyy.cn/joinus/advanced/pub-date.html]
[github.com/DIYgod/RSSHub/blob/master/lib/middleware/cache/index.html]
[rsshub-docs.moeyy.cn/joinus/advanced/debug.html]
[rsshub-docs.moeyy.cn/zh/img/safari-pinned-tab.svg]
[rsshub-docs.moeyy.cn/zh/assets/css/styles.5b0ee109.css]
[rsshub-docs.moeyy.cn/zh/usage.html]
[github.com/DIYgod/RSSHub/blob/master/lib/v2/furstar/index.html]
[github.com/DIYgod/RSSHub-Radar/blob/master/src/js/content/utils.html]
[github.com/DIYgod/RSSHub/blob/master/assets/radar-rules.html]
[rsshub-docs.moeyy.cn/zh/faq.html]
[rsshub-docs.moeyy.cn/zh/parameter.html]
[rsshub-docs.moeyy.cn/zh/api.html]
[rsshub-docs.moeyy.cn/zh/routes/social-media.html]
[rsshub-docs.moeyy.cn/zh/routes/new-media.html]
[rsshub-docs.moeyy.cn/zh/routes/traditional-media.html]
[rsshub-docs.moeyy.cn/zh/routes/bbs.html]
[rsshub-docs.moeyy.cn/zh/routes/blog.html]
[rsshub-docs.moeyy.cn/zh/routes/programming.html]
[rsshub-docs.moeyy.cn/zh/routes/design.html]
[rsshub-docs.moeyy.cn/zh/routes/live.html]
[rsshub-docs.moeyy.cn/zh/routes/multimedia.html]
[rsshub-docs.moeyy.cn/zh/routes/picture.html]
[rsshub-docs.moeyy.cn/zh/routes/anime.html]
[rsshub-docs.moeyy.cn/zh/routes/program-update.html]
[rsshub-docs.moeyy.cn/zh/routes/university.html]
[rsshub-docs.moeyy.cn/zh/routes/forecast.html]
[rsshub-docs.moeyy.cn/zh/routes/travel.html]
[rsshub-docs.moeyy.cn/zh/routes/shopping.html]
[rsshub-docs.moeyy.cn/zh/routes/game.html]
[rsshub-docs.moeyy.cn/zh/routes/reading.html]
[rsshub-docs.moeyy.cn/zh/routes/government.html]
[rsshub-docs.moeyy.cn/zh/routes/study.html]
[rsshub-docs.moeyy.cn/zh/routes/journal.html]
[rsshub-docs.moeyy.cn/zh/routes/finance.html]
[rsshub-docs.moeyy.cn/zh/routes/other.html]
[rsshub-docs.moeyy.cn/zh/install.html]
[rsshub-docs.moeyy.cn/zh/support.html]
[rsshub-docs.moeyy.cn/install/index.html]
[rsshub-docs.moeyy.cn/faq-2.html]
[rsshub-docs.moeyy.cn/picture.html]
[rsshub-docs.moeyy.cn/zh/install/index.html]
[rsshub-docs.moeyy.cn/zh/support/index.html]
[rsshub-docs.moeyy.cn/support/index.html]
[docs.rsshub.app/img/logo.png]
[rsshub-docs.moeyy.cn/zh/joinus/new-rss/prerequisites.html]
[rsshub-docs.moeyy.cn/zh/joinus/new-rss/before-start.html]
[rsshub-docs.moeyy.cn/zh/joinus/new-rss/start-code.html]
[rsshub-docs.moeyy.cn/zh/joinus/new-rss/add-docs.html]
[rsshub-docs.moeyy.cn/zh/joinus/new-rss/submit-route.html]
[rsshub-docs.moeyy.cn/zh/joinus/new-radar.html]
[rsshub-docs.moeyy.cn/zh/joinus/advanced/advanced-feed.html]
[rsshub-docs.moeyy.cn/zh/joinus/advanced/script-standard.html]
[rsshub-docs.moeyy.cn/zh/joinus/advanced/use-cache.html]
[rsshub-docs.moeyy.cn/zh/joinus/advanced/pub-date.html]
[rsshub-docs.moeyy.cn/zh/joinus/advanced/debug.html]
[rsshub.moeyy.cn/codeceo/tag/node.js]
[github.githubassets.com/assets/dark-5d486a4ede8e.css]
[github.githubassets.com/assets/dark_dimmed-27c8d635e4e5.css]
[github.githubassets.com/assets/light-983b05c0927a.css]
[github.githubassets.com/assets/light_colorblind-c414b5ba1dce.css]
[github.githubassets.com/assets/dark_high_contrast-8438e75afd36.css]
[github.githubassets.com/assets/dark_colorblind-bf5665b96628.css]
[github.githubassets.com/assets/light_tritanopia-299ac9c64ec0.css]
[github.githubassets.com/assets/light_high_contrast-e5868b7374db.css]
[github.githubassets.com/assets/dark_tritanopia-3a26e78ad0ff.css]
[github.githubassets.com/assets/primer-primitives-49b09e982548.css]
[github.githubassets.com/assets/primer-15214e5f9104.css]
[github.githubassets.com/assets/code-ea610ed618d5.css]
[github.githubassets.com/assets/vendors-node_modules_dompurify_dist_purify_js-64d590970fa6.js]
[github.githubassets.com/assets/global-38f5d4710d3e.css]
[github.githubassets.com/assets/vendors-node_modules_stacktrace-parser_dist_stack-trace-parser_esm_js-node_modules_github_bro-a4c183-18bf85b8e9f4.js]
[github.githubassets.com/assets/github-5636d019c151.css]
[github.githubassets.com/assets/ui_packages_soft-nav_soft-nav_ts-df17d5597d8f.js]
[github.githubassets.com/assets/environment-509b58e05b9f.js]
[github.githubassets.com/assets/vendors-node_modules_github_selector-observer_dist_index_esm_js-2646a2c533e3.js]
[github.githubassets.com/assets/vendors-node_modules_github_relative-time-element_dist_index_js-99e288659d4f.js]
[github.githubassets.com/assets/vendors-node_modules_fzy_js_index_js-node_modules_github_markdown-toolbar-element_dist_index_js-d2119e75298d.js]
[github.githubassets.com/assets/vendors-node_modules_delegated-events_dist_index_js-node_modules_github_auto-complete-element-5b3870-9b38c0812424.js]
[github.githubassets.com/assets/wp-runtime-a9ceb87cd408.js]
[github.githubassets.com/assets/github-elements-1ff8b48eef26.js]
[github.githubassets.com/assets/vendors-node_modules_primer_behaviors_dist_esm_focus-zone_js-d55308df5023.js]
[github.githubassets.com/assets/element-registry-631c5146145f.js]
[github.githubassets.com/assets/vendors-node_modules_lit-html_lit-html_js-9d9fe1859ce5.js]
[github.githubassets.com/assets/vendors-node_modules_github_hydro-analytics-client_dist_analytics-client_js-node_modules_gith-f3aee1-fd3c22610e40.js]
[github.githubassets.com/assets/vendors-node_modules_morphdom_dist_morphdom-esm_js-b1fdd7158cf0.js]
[github.githubassets.com/assets/vendors-node_modules_github_mini-throttle_dist_index_js-node_modules_github_alive-client_dist-bf5aa2-4aefce0fc3c8.js]
[github.githubassets.com/assets/vendors-node_modules_github_turbo_dist_turbo_es2017-esm_js-1f4793023fcd.js]
[github.githubassets.com/assets/vendors-node_modules_color-convert_index_js-35b3ae68c408.js]
[github.githubassets.com/assets/vendors-node_modules_github_paste-markdown_dist_index_esm_js-node_modules_github_quote-select-7a8e2b-f036384374ea.js]
[github.githubassets.com/assets/app_assets_modules_github_details-dialog_ts-app_assets_modules_github_fetch_ts-9ca164041015.js]
[github.githubassets.com/assets/app_assets_modules_github_updatable-content_ts-ui_packages_hydro-analytics_hydro-analytics_ts-e4da304b75e7.js]
[github.githubassets.com/assets/app_assets_modules_github_onfocus_ts-app_assets_modules_github_sticky-scroll-into-view_ts-7ce0c9d975f3.js]
[github.githubassets.com/assets/app_assets_modules_github_behaviors_task-list_ts-app_assets_modules_github_sso_ts-ui_packages-7d50ad-9491f2be61ee.js]
[github.githubassets.com/assets/app_assets_modules_github_behaviors_ajax-error_ts-app_assets_modules_github_behaviors_include-2e2258-f7b8ad0ef997.js]
[github.githubassets.com/assets/vendors-node_modules_github_file-attachment-element_dist_index_js-node_modules_primer_view-co-bdc901-81f1e189072b.js]
[github.githubassets.com/assets/app_assets_modules_github_blob-anchor_ts-app_assets_modules_github_filter-sort_ts-app_assets_-c96432-b9f980134541.js]
[github.githubassets.com/assets/app_assets_modules_github_behaviors_commenting_edit_ts-app_assets_modules_github_behaviors_ht-83c235-f22ac6b94445.js]
[github.githubassets.com/assets/behaviors-04fef4626986.js]
[github.githubassets.com/assets/notifications-global-f57687007bfc.js]
[github.githubassets.com/assets/vendors-node_modules_delegated-events_dist_index_js-node_modules_github_catalyst_lib_index_js-06ff531-fe0b8ccc90a5.js]
[github.githubassets.com/assets/code-menu-c743a13234fc.js]
[github.githubassets.com/assets/vendors-node_modules_primer_octicons-react_dist_index_esm_js-node_modules_primer_react_lib-es-14a089-38d45acba361.js]
[github.githubassets.com/assets/vendors-node_modules_primer_react_lib-esm_Box_Box_js-8d2713f90c9a.js]
[github.githubassets.com/assets/vendors-node_modules_primer_react_lib-esm_Button_Button_js-node_modules_primer_react_lib-esm_-c2022e-70aff6ca05a9.js]
[github.githubassets.com/assets/vendors-node_modules_primer_react_lib-esm_ActionList_index_js-7bad8659e7bd.js]
[github.githubassets.com/assets/vendors-node_modules_primer_react_lib-esm_Button_index_js-node_modules_primer_react_lib-esm_O-133b0c-6f42d36f1de7.js]
[github.githubassets.com/assets/vendors-node_modules_primer_react_lib-esm_TextInput_TextInput_js-47fe5c8a888d.js]
[github.githubassets.com/assets/vendors-node_modules_github_filter-input-element_dist_index_js-node_modules_github_remote-inp-8873b7-5771678648e0.js]
[github.githubassets.com/assets/vendors-node_modules_primer_react_lib-esm_ActionMenu_js-f0cd24c33676.js]
[github.githubassets.com/assets/vendors-node_modules_primer_behaviors_dist_esm_scroll-into-view_js-node_modules_primer_react_-04bb1b-f1945840d2c2.js]
[github.githubassets.com/assets/vendors-node_modules_primer_react_lib-esm_FormControl_FormControl_js-eadb97e299c8.js]
[github.githubassets.com/assets/vendors-node_modules_react-router-dom_dist_index_js-4a785319b497.js]
[github.githubassets.com/assets/vendors-node_modules_primer_react_lib-esm_Heading_Heading_js-node_modules_primer_react_lib-es-20c766-83991b288f66.js]
[github.githubassets.com/assets/vendors-node_modules_primer_react_lib-esm_Dialog_js-node_modules_primer_react_lib-esm_Flash_F-ad64b6-2f6c119b1b24.js]
[github.githubassets.com/assets/vendors-node_modules_primer_react_lib-esm_Avatar_Avatar_js-node_modules_primer_react_lib-esm_-b5621e0-6334f99521f0.js]
[github.githubassets.com/assets/vendors-node_modules_primer_react_lib-esm_UnderlineNav2_index_js-f81b8e23600f.js]
[github.githubassets.com/assets/vendors-node_modules_primer_react_lib-esm_TreeView_TreeView_js-d86950fa1004.js]
[github.githubassets.com/assets/vendors-node_modules_primer_react_lib-esm_AvatarStack_AvatarStack_js-node_modules_primer_reac-f3f8d8-8c642384763c.js]
[github.githubassets.com/assets/vendors-node_modules_primer_react_lib-esm_Breadcrumbs_Breadcrumbs_js-node_modules_primer_reac-4a8b91-0923bb14d9e1.js]
[github.githubassets.com/assets/ui_packages_react-core_create-browser-history_ts-ui_packages_react-core_deferred-registry_ts--ebbb92-6b5332bffa1d.js]
[github.githubassets.com/assets/ui_packages_react-core_register-app_ts-3f96a0d371d8.js]
[github.githubassets.com/assets/ui_packages_paths_index_ts-90deee34cb88.js]
[github.githubassets.com/assets/ui_packages_ref-selector_RefSelector_tsx-00cc5dfb3b54.js]
[github.githubassets.com/assets/app_assets_modules_github_command-palette_copy_ts-app_assets_modules_react-shared_hooks_use-v-328d8a-00e2d6279188.js]
[github.githubassets.com/assets/ui_packages_alive_alive_ts-ui_packages_alive_connect-alive-subscription_ts-app_assets_modules-face4e-4ef25b6824c1.js]
[github.githubassets.com/assets/react-code-view-d0b87985803e.js]
[github.com/fluidicon.png]
[github.githubassets.com/favicons/favicon.png]
[github.githubassets.com/assets/vendors-node_modules_github_remote-form_dist_index_js-node_modules_github_memoize_dist_esm_in-687f35-d131f0b6de8e.js]
[github.githubassets.com/assets/sessions-8f05794017fb.js]
[github.com/DIYgod/RSSHub/blob/master/lib/middleware/template.html]
[github.com/login2673.html]
[github.com/DIYgod/RSSHub/blob/master/lib/middleware/cache/index.html]
[github.com/login3e5b.html]
[github.com/DIYgod/RSSHub/blob/master/lib/v2/furstar/index.html]
[storage.googleapis.com/web-dev-uploads/image/WlD8wC6g8khYWPJUsQceQkhXSlv1/UV4C4ybeBTsZt43U4xis.png]
[github.com/loginda27.html]
[github.githubassets.com/assets/react-lib-210c4b5934c3.js]
[github.githubassets.com/assets/vendors-node_modules_github_remote-form_dist_index_js-node_modules_scroll-anchoring_dist_scro-52dc4b-e1e33bfc0b7e.js]
[github.com/login5542.html]
[github.com/DIYgod/RSSHub-Radar/blob/master/src/js/content/utils.html]
[github.com/login71fc.html]
[github.com/DIYgod/RSSHub/blob/master/assets/forumdisplay.c6.delayed]
[github.com/DIYgod/RSSHub/blob/master/assets/channel_7721.c7.delayed]
[github.com/DIYgod/RSSHub/blob/master/assets/channel_7722.c8.delayed]
[github.com/DIYgod/RSSHub/blob/master/assets/radar-rules.html]
[rsshub.moeyy.cn/codeceo/tag/node.js]
[github.githubassets.com/assets/light-983b05c0927a.css]
[github.githubassets.com/assets/dark-5d486a4ede8e.css]
[github.githubassets.com/assets/dark_dimmed-27c8d635e4e5.css]
[github.githubassets.com/assets/dark_high_contrast-8438e75afd36.css]
[github.githubassets.com/assets/dark_colorblind-bf5665b96628.css]
[github.githubassets.com/assets/light_colorblind-c414b5ba1dce.css]
[github.githubassets.com/assets/light_high_contrast-e5868b7374db.css]
[github.githubassets.com/assets/light_tritanopia-299ac9c64ec0.css]
[github.githubassets.com/assets/dark_tritanopia-3a26e78ad0ff.css]
[github.githubassets.com/assets/primer-primitives-49b09e982548.css]
[github.githubassets.com/assets/primer-15214e5f9104.css]
[github.githubassets.com/images/spinners/octocat-spinner-16px-EAF2F5.gif]
[github.githubassets.com/images/spinners/octocat-spinner-32-EAF2F5.gif]
[github.githubassets.com/images/modules/pagehead/background-yellowhatch-v3.png]
[github.githubassets.com/images/spinners/octocat-spinner-16px.gif]
[github.githubassets.com/images/modules/ajax/success.png]
[github.githubassets.com/images/modules/ajax/error.png]
[github.githubassets.com/images/spinners/octocat-spinner-32.gif]
[github.githubassets.com/images/modules/ajax/success@2x.png]
[github.githubassets.com/images/modules/ajax/error@2x.png]
[github.githubassets.com/assets/global-38f5d4710d3e.css]
[github.githubassets.com/images/spinners/octocat-spinner-64.gif]
[github.githubassets.com/images/modules/dependency-graph/ds-actions-prompt-banner-mobile.png]
[github.githubassets.com/images/modules/dependency-graph/ds-actions-prompt-banner.png]
[github.githubassets.com/images/modules/dependency-graph/ds-actions-prompt-banner-mobile-dark.png]
[github.githubassets.com/images/modules/dependency-graph/ds-actions-prompt-banner-dark.png]
[github.githubassets.com/images/modules/commit/trans_bg.gif]
[github.githubassets.com/images/spinners/octocat-spinner-128.gif]
[github.githubassets.com/images/modules/memexes/projects-beta-banner-mobile.png]
[github.githubassets.com/images/modules/memexes/projects-beta-banner.png]
[github.githubassets.com/images/modules/memexes/projects-beta-banner-dark.png]
[github.githubassets.com/assets/github-5636d019c151.css]
[github.githubassets.com/images/modules/site/sponsors/heart-explosion.png]
[github.githubassets.com/assets/code-ea610ed618d5.css]
[github.githubassets.com/assets/vendors-node_modules_primer_behaviors_dist_esm_dimensions_js-node_modules_delegated-events_di-94a48b-f9e5146929c3.js]
[github.githubassets.com/assets/vendors-node_modules_virtualized-list_es_index_js-node_modules_github_template-parts_lib_index_js-677582870bfd.js]
[github.githubassets.com/assets/vendors-node_modules_github_remote-form_dist_index_js-node_modules_github_catalyst_lib_index_-7a61950-652988b53689.js]
[github.githubassets.com/assets/vendors-node_modules_github_filter-input-element_dist_index_js-node_modules_github_mini-throt-40d40d-6e72ee4b2241.js]
[github.githubassets.com/assets/app_assets_modules_github_filter-input_ts-e5d99d30ff21.js]
[github.githubassets.com/assets/app_assets_modules_github_ref-selector_ts-0e2b12902d39.js]
[github.githubassets.com/assets/app_assets_modules_github_onfocus_ts-app_assets_modules_github_settings_actions-policy-form_t-884e05-69798a92c184.js]
[github.githubassets.com/assets/settings-87b9228b4e84.js]
[github.githubassets.com/assets/signup-9197d41c14b1.js]
[github.com/opensearch.xml]
[github.com/login.html]
[github.com/manifest.json]
[github.com/logine7b6.html]
[github.com/password_reset.html]
[github.com/u2f/login_fragment2673.html]
[github.com/signupeb7e.html]
[github.com/login2673.html]
[github.com/u2f/login_fragment3e5b.html]
[github.com/login3e5b.html]
[github.com/signupd94f.html]
[github.com/u2f/login_fragmentda27.html]
[github.com/loginda27.html]
[docs.rsshub.app/zh/img/logo.png]
[github.com/signup822c.html]
[github.com/u2f/login_fragment5542.html]
[github.com/login5542.html]
[github.com/signup8bb9.html]
[github.com/u2f/login_fragment71fc.html]
[github.com/login71fc.html]
[github.com/DIYgod/RSSHub/blob/master/assets/forumdisplay.html]
[github.com/DIYgod/RSSHub/blob/master/assets/channel_7721.html]
[github.com/DIYgod/RSSHub/blob/master/assets/channel_7722.html]
[rsshub.moeyy.cn/github/file/DIYgod/RSSHub/master/lib/router.js]
[raw.githubusercontent.com/play-with-docker/stacks/master/assets/images/button.png]
[archive.diygod.me/images/wx.jpg]
[archive.diygod.me/images/zfb.jpg]
[github.com/signup5106.html]
[github.com/u2f/login_fragment.html]
[github.com/login.html]
[github.com/signup3060.html]
[github.com/u2f/login_fragmente7b6.html]
[github.com/logine7b6.html]
[github.com/password_reset.html]
[github.com/u2f/login_fragment2673.html]
[github.com/signup19d0.html]
[github.githubassets.com/assets/signup-ecc249dae85b.css]
[github.githubassets.com/assets/optimizely-d08d1a17100a.js]
[github.githubassets.com/assets/vendors-node_modules_optimizely_optimizely-sdk_dist_optimizely_browser_es_min_js-node_modules-089adc-2328ba323205.js]
[github.githubassets.com/assets/signup-redesign-a838e9ddee81.js]
[github.githubassets.com/assets/site-657ed51f7599.css]
[github.githubassets.com/images/modules/signup/launch_codes/launch-codes-mona-fallback@1x.jpg]
[github.githubassets.com/assets/home-7eb364e46344.css]
[github.com/email_validity_checks.119.delayed]
[github.com/password_validity_checks.11a.delayed]
[github.com/signup_check/username.11b.delayed]
[github.com/signupeb7e.html]
[github.com/u2f/login_fragment3e5b.html]
[github.com/signupd94f.html]
[github.com/u2f/login_fragmentda27.html]
[github.com/signup822c.html]
[github.com/u2f/login_fragment5542.html]
[github.com/signup8bb9.html]
[github.com/u2f/login_fragment71fc.html]
[github.com/signup5106.html]
[github.com/u2f/login_fragment.html]
[github.com/signup3060.html]
[github.com/u2f/login_fragmente7b6.html]
[github.com/signup19d0.html]
[github.com/login9be0.html]
[github.githubassets.com/images/modules/signup/launch_codes/bg.jpg]
[github.githubassets.com/assets/signup-ecc249dae85b.css]
[github.githubassets.com/assets/site-657ed51f7599.css]
[github.githubassets.com/assets/home-7eb364e46344.css]
[github.com/email_validity_checks.html]
[github.com/password_validity_checks.html]
[github.com/signup_check/username.html]
[github.com/u2f/login_fragment9be0.html]
[github.com/login9be0.html]
[github.com/u2f/login_fragment9be0.html]
[github.com/signup0e38.html]
[github.com/signup0e38.html]
